============================= test session starts =============================
platform win32 -- Python 3.10.11, pytest-9.0.2, pluggy-1.6.0 -- C:\Users\Personal\AppData\Local\Programs\Python\Python310\python.exe
cachedir: .pytest_cache
rootdir: C:\Users\Personal\Desktop\FooocArte
configfile: pytest.ini
plugins: anyio-4.12.1, cov-7.0.0, timeout-2.4.0
collecting ... collected 19 items

tests/test_batch_state_machine.py::TestEstadoInicial::test_estado_inicial PASSED [  5%]
tests/test_batch_state_machine.py::TestFlujosExitosos::test_flujo_completo_batch PASSED [ 10%]
tests/test_batch_state_machine.py::TestFlujosExitosos::test_pausar_y_reanudar PASSED [ 15%]
tests/test_batch_state_machine.py::TestFlujosExitosos::test_cancelar_batch PASSED [ 21%]
tests/test_batch_state_machine.py::TestFlujosExitosos::test_error_fatal PASSED [ 26%]
tests/test_batch_state_machine.py::TestFlujosExitosos::test_reset_desde_completado PASSED [ 31%]
tests/test_batch_state_machine.py::TestFlujosExitosos::test_reset_desde_error PASSED [ 36%]
tests/test_batch_state_machine.py::TestTransicionesInvalidas::test_tick_sin_iniciar FAILED [ 42%]
tests/test_batch_state_machine.py::TestTransicionesInvalidas::test_preparado_sin_iniciar FAILED [ 47%]
tests/test_batch_state_machine.py::TestTransicionesInvalidas::test_pausar_sin_ejecutar FAILED [ 52%]
tests/test_batch_state_machine.py::TestTransicionesInvalidas::test_reanudar_sin_pausar FAILED [ 57%]
tests/test_batch_state_machine.py::TestTransicionesInvalidas::test_cancelar_completado_sin_cancelar FAILED [ 63%]
tests/test_batch_state_machine.py::TestTransicionesInvalidas::test_reset_desde_ejecutando PASSED [ 68%]
tests/test_batch_state_machine.py::TestTransicionesInvalidas::test_iniciar_con_total_cero PASSED [ 73%]
tests/test_batch_state_machine.py::TestTransicionesInvalidas::test_iniciar_con_total_negativo PASSED [ 78%]
tests/test_batch_state_machine.py::TestCasosEspeciales::test_pausar_y_cancelar PASSED [ 84%]
tests/test_batch_state_machine.py::TestCasosEspeciales::test_tick_hasta_completado PASSED [ 89%]
tests/test_batch_state_machine.py::TestCasosEspeciales::test_multiples_pausas_y_reanudaciones PASSED [ 94%]
tests/test_batch_state_machine.py::TestCasosEspeciales::test_error_fatal_desde_cualquier_estado PASSED [100%]

================================== FAILURES ===================================
_______________ TestTransicionesInvalidas.test_tick_sin_iniciar _______________
tests\test_batch_state_machine.py:138: in test_tick_sin_iniciar
    batch.tick()
modules\batch_state_machine.py:33: in tick
    self._assert_estado(EstadoBatch.EJECUTANDO)
modules\batch_state_machine.py:71: in _assert_estado
    raise RuntimeError(
E   RuntimeError: Transici\xf3n inv\xe1lida: EstadoBatch.INACTIVO \u2192 EstadoBatch.EJECUTANDO

During handling of the above exception, another exception occurred:
tests\test_batch_state_machine.py:137: in test_tick_sin_iniciar
    with pytest.raises(RuntimeError, match="debe estar en EJECUTANDO"):
E   AssertionError: Regex pattern did not match.
E     Expected regex: 'debe estar en EJECUTANDO'
E     Actual message: 'Transici\xf3n inv\xe1lida: EstadoBatch.INACTIVO \u2192 EstadoBatch.EJECUTANDO'
____________ TestTransicionesInvalidas.test_preparado_sin_iniciar _____________
tests\test_batch_state_machine.py:145: in test_preparado_sin_iniciar
    batch.preparado()
modules\batch_state_machine.py:29: in preparado
    self._assert_estado(EstadoBatch.PREPARANDO)
modules\batch_state_machine.py:71: in _assert_estado
    raise RuntimeError(
E   RuntimeError: Transici\xf3n inv\xe1lida: EstadoBatch.INACTIVO \u2192 EstadoBatch.PREPARANDO

During handling of the above exception, another exception occurred:
tests\test_batch_state_machine.py:144: in test_preparado_sin_iniciar
    with pytest.raises(RuntimeError, match="debe estar en PREPARANDO"):
E   AssertionError: Regex pattern did not match.
E     Expected regex: 'debe estar en PREPARANDO'
E     Actual message: 'Transici\xf3n inv\xe1lida: EstadoBatch.INACTIVO \u2192 EstadoBatch.PREPARANDO'
_____________ TestTransicionesInvalidas.test_pausar_sin_ejecutar ______________
tests\test_batch_state_machine.py:152: in test_pausar_sin_ejecutar
    batch.pausar()
modules\batch_state_machine.py:39: in pausar
    self._assert_estado(EstadoBatch.EJECUTANDO)
modules\batch_state_machine.py:71: in _assert_estado
    raise RuntimeError(
E   RuntimeError: Transici\xf3n inv\xe1lida: EstadoBatch.INACTIVO \u2192 EstadoBatch.EJECUTANDO

During handling of the above exception, another exception occurred:
tests\test_batch_state_machine.py:151: in test_pausar_sin_ejecutar
    with pytest.raises(RuntimeError, match="debe estar en EJECUTANDO"):
E   AssertionError: Regex pattern did not match.
E     Expected regex: 'debe estar en EJECUTANDO'
E     Actual message: 'Transici\xf3n inv\xe1lida: EstadoBatch.INACTIVO \u2192 EstadoBatch.EJECUTANDO'
_____________ TestTransicionesInvalidas.test_reanudar_sin_pausar ______________
tests\test_batch_state_machine.py:161: in test_reanudar_sin_pausar
    batch.reanudar()
modules\batch_state_machine.py:43: in reanudar
    self._assert_estado(EstadoBatch.EN_PAUSA)
modules\batch_state_machine.py:71: in _assert_estado
    raise RuntimeError(
E   RuntimeError: Transici\xf3n inv\xe1lida: EstadoBatch.EJECUTANDO \u2192 EstadoBatch.EN_PAUSA

During handling of the above exception, another exception occurred:
tests\test_batch_state_machine.py:160: in test_reanudar_sin_pausar
    with pytest.raises(RuntimeError, match="debe estar en EN_PAUSA"):
E   AssertionError: Regex pattern did not match.
E     Expected regex: 'debe estar en EN_PAUSA'
E     Actual message: 'Transici\xf3n inv\xe1lida: EstadoBatch.EJECUTANDO \u2192 EstadoBatch.EN_PAUSA'
_______ TestTransicionesInvalidas.test_cancelar_completado_sin_cancelar _______
tests\test_batch_state_machine.py:170: in test_cancelar_completado_sin_cancelar
    batch.cancelar_completado()
modules\batch_state_machine.py:54: in cancelar_completado
    self._assert_estado(EstadoBatch.CANCELANDO)
modules\batch_state_machine.py:71: in _assert_estado
    raise RuntimeError(
E   RuntimeError: Transici\xf3n inv\xe1lida: EstadoBatch.EJECUTANDO \u2192 EstadoBatch.CANCELANDO

During handling of the above exception, another exception occurred:
tests\test_batch_state_machine.py:169: in test_cancelar_completado_sin_cancelar
    with pytest.raises(RuntimeError, match="debe estar en CANCELANDO"):
E   AssertionError: Regex pattern did not match.
E     Expected regex: 'debe estar en CANCELANDO'
E     Actual message: 'Transici\xf3n inv\xe1lida: EstadoBatch.EJECUTANDO \u2192 EstadoBatch.CANCELANDO'
=========================== short test summary info ===========================
FAILED tests/test_batch_state_machine.py::TestTransicionesInvalidas::test_tick_sin_iniciar - AssertionError: Regex pattern did not match.\n  Expected regex: 'debe estar en EJECUTANDO'\n  Actual message: 'Transici\xf3n inv\xe1lida: EstadoBatch.INACTIVO \u2192 EstadoBatch.EJECUTANDO'
FAILED tests/test_batch_state_machine.py::TestTransicionesInvalidas::test_preparado_sin_iniciar - AssertionError: Regex pattern did not match.\n  Expected regex: 'debe estar en PREPARANDO'\n  Actual message: 'Transici\xf3n inv\xe1lida: EstadoBatch.INACTIVO \u2192 EstadoBatch.PREPARANDO'
FAILED tests/test_batch_state_machine.py::TestTransicionesInvalidas::test_pausar_sin_ejecutar - AssertionError: Regex pattern did not match.\n  Expected regex: 'debe estar en EJECUTANDO'\n  Actual message: 'Transici\xf3n inv\xe1lida: EstadoBatch.INACTIVO \u2192 EstadoBatch.EJECUTANDO'
FAILED tests/test_batch_state_machine.py::TestTransicionesInvalidas::test_reanudar_sin_pausar - AssertionError: Regex pattern did not match.\n  Expected regex: 'debe estar en EN_PAUSA'\n  Actual message: 'Transici\xf3n inv\xe1lida: EstadoBatch.EJECUTANDO \u2192 EstadoBatch.EN_PAUSA'
FAILED tests/test_batch_state_machine.py::TestTransicionesInvalidas::test_cancelar_completado_sin_cancelar - AssertionError: Regex pattern did not match.\n  Expected regex: 'debe estar en CANCELANDO'\n  Actual message: 'Transici\xf3n inv\xe1lida: EstadoBatch.EJECUTANDO \u2192 EstadoBatch.CANCELANDO'
======================== 5 failed, 14 passed in 0.47s =========================
